198.50.217.3 - - [17/Oct/2014:00:35:56 -0400] "GET /members/emilfinniss/profile/public/ HTTP/1.1" 301 280 "-" "Mozilla/5.0 (Windows NT 6.1; rv:22.0) Gecko/20100101 Firefox/22.0"
198.50.217.3 - - [17/Oct/2014:00:35:57 -0400] "GET /members/emilfinniss/profile/ HTTP/1.1" 200 4806 "-" "Mozilla/5.0 (Windows NT 6.1; rv:22.0) Gecko/20100101 Firefox/22.0"
118.102.255.50 - - [17/Oct/2014:00:36:03 -0400] "GET /favicon.ico HTTP/1.1" 200 20 "-" "Mozilla/5.0 (Windows NT 6.1; WOW64) AppleWebKit/537.36 (KHTML, like Gecko) Chrome/38.0.2125.101 Safari/537.36"
107.178.200.199 - - [17/Oct/2014:00:36:04 -0400] "GET /tag/noclassdeffounderror/ HTTP/1.1" 200 17389 "https://www.google.com.hk/" "Mozilla/5.0 (Windows NT 6.1) AppleWebKit/537.36 (KHTML, like Gecko) Chrome/38.0.2125.104 Safari/537.36 AppEngine-Google; (+http://code.google.com/appengine; appid: s~lewissnap)"
107.178.200.202 - - [17/Oct/2014:00:36:04 -0400] "GET /wp-includes/css/admin-bar.min.css?ver=4.0 HTTP/1.1" 200 3502 "http://hadooptutorial.info/tag/noclassdeffounderror/" "Mozilla/5.0 (Windows NT 6.1) AppleWebKit/537.36 (KHTML, like Gecko) Chrome/38.0.2125.104 Safari/537.36 AppEngine-Google; (+http://code.google.com/appengine; appid: s~lewissnap)"
107.178.200.199 - - [17/Oct/2014:00:36:04 -0400] "GET /wp-includes/css/dashicons.min.css?ver=4.0 HTTP/1.1" 200 25342 "http://hadooptutorial.info/tag/noclassdeffounderror/" "Mozilla/5.0 (Windows NT 6.1) AppleWebKit/537.36 (KHTML, like Gecko) Chrome/38.0.2125.104 Safari/537.36 AppEngine-Google; (+http://code.google.com/appengine; appid: s~lewissnap)"
107.178.200.203 - - [17/Oct/2014:00:36:04 -0400] "GET /wp-content/plugins/buddypress/bp-core/css/admin-bar.min.css?ver=2.1.1 HTTP/1.1" 200 485 "http://hadooptutorial.info/tag/noclassdeffounderror/" "Mozilla/5.0 (Windows NT 6.1) AppleWebKit/537.36 (KHTML, like Gecko) Chrome/38.0.2125.104 Safari/537.36 AppEngine-Google; (+http://code.google.com/appengine; appid: s~lewissnap)"
201.247.217.61 - - [17/Oct/2014:00:36:00 -0400] "GET /hadoop-mapreduce-interview-questions-part-2/ HTTP/1.1" 404 4082 "-" "Mozilla/5.0 (X11; Ubuntu; Linux i686; rv:33.0) Gecko/20100101 Firefox/33.0"
201.247.217.61 - - [17/Oct/2014:00:36:04 -0400] "GET /wp-content/cache/autoptimize/js/autoptimize_a8330b1eb4785e879bbc9ad55aa33c29.js HTTP/1.1" 200 77195 "http://hadooptutorial.info/hadoop-mapreduce-interview-questions-part-2/" "Mozilla/5.0 (X11; Ubuntu; Linux i686; rv:33.0) Gecko/20100101 Firefox/33.0"
107.178.200.194 - - [17/Oct/2014:00:36:05 -0400] "GET /wp-content/cache/autoptimize/js/autoptimize_c665be968e835bc88934130c8872b600.js HTTP/1.1" 200 77195 "http://hadooptutorial.info/tag/noclassdeffounderror/" "Mozilla/5.0 (Windows NT 6.1) AppleWebKit/537.36 (KHTML, like Gecko) Chrome/38.0.2125.104 Safari/537.36 AppEngine-Google; (+http://code.google.com/appengine; appid: s~lewissnap)"
107.178.200.199 - - [17/Oct/2014:00:36:06 -0400] "GET /wp-includes/js/admin-bar.min.js?ver=4.0 HTTP/1.1" 200 2394 "http://hadooptutorial.info/tag/noclassdeffounderror/" "Mozilla/5.0 (Windows NT 6.1) AppleWebKit/537.36 (KHTML, like Gecko) Chrome/38.0.2125.104 Safari/537.36 AppEngine-Google; (+http://code.google.com/appengine; appid: s~lewissnap)"
201.247.217.61 - - [17/Oct/2014:00:36:05 -0400] "GET /wp-admin/admin-ajax.php?action=wordfence_logHuman&hid=8931D7E3FEE10BC985C17A18DCC18809&r=0.8639848294881777 HTTP/1.1" 200 20 "http://hadooptutorial.info/hadoop-mapreduce-interview-questions-part-2/" "Mozilla/5.0 (X11; Ubuntu; Linux i686; rv:33.0) Gecko/20100101 Firefox/33.0"
201.247.217.61 - - [17/Oct/2014:00:36:11 -0400] "GET /hadoop-mapreduce-interview-questions-part-8/ HTTP/1.1" 404 4081 "-" "Mozilla/5.0 (X11; Ubuntu; Linux i686; rv:33.0) Gecko/20100101 Firefox/33.0"
201.247.217.61 - - [17/Oct/2014:00:36:16 -0400] "GET /wp-content/cache/autoptimize/js/autoptimize_389fd29a1fb28c2a1820c27edfbc0b4d.js HTTP/1.1" 200 77194 "http://hadooptutorial.info/hadoop-mapreduce-interview-questions-part-8/" "Mozilla/5.0 (X11; Ubuntu; Linux i686; rv:33.0) Gecko/20100101 Firefox/33.0"
201.247.217.61 - - [17/Oct/2014:00:36:17 -0400] "GET /wp-admin/admin-ajax.php?action=wordfence_logHuman&hid=BFDBE4FB3EA5FD7D9ED919B03EEDEAA0&r=0.41776575331775656 HTTP/1.1" 200 20 "http://hadooptutorial.info/hadoop-mapreduce-interview-questions-part-8/" "Mozilla/5.0 (X11; Ubuntu; Linux i686; rv:33.0) Gecko/20100101 Firefox/33.0"
201.247.217.61 - - [17/Oct/2014:00:36:20 -0400] "GET /hadoop-mapreduce-interview-questions-part-9/ HTTP/1.1" 200 10992 "-" "Mozilla/5.0 (X11; Ubuntu; Linux i686; rv:33.0) Gecko/20100101 Firefox/33.0"
66.96.183.35 - - [17/Oct/2014:00:36:23 -0400] "POST /wp-cron.php?doing_wp_cron=1413520583.4669098854064941406250 HTTP/1.1" 200 - "-" "WordPress/4.0; http://hadooptutorial.info"
201.247.217.61 - - [17/Oct/2014:00:36:22 -0400] "GET /wp-admin/admin-ajax.php?action=wordfence_logHuman&hid=83B6ECE7DF4A54AE707224EC8F8D4F88&r=0.7915759427634101 HTTP/1.1" 200 20 "http://hadooptutorial.info/hadoop-mapreduce-interview-questions-part-9/" "Mozilla/5.0 (X11; Ubuntu; Linux i686; rv:33.0) Gecko/20100101 Firefox/33.0"
201.247.217.61 - - [17/Oct/2014:00:36:25 -0400] "GET /hadoop-mapreduce-interview-questions-part-9/?relatedposts=1&relatedposts_exclude=undefined HTTP/1.1" 200 607 "http://hadooptutorial.info/hadoop-mapreduce-interview-questions-part-9/" "Mozilla/5.0 (X11; Ubuntu; Linux i686; rv:33.0) Gecko/20100101 Firefox/33.0"
107.178.200.8 - - [17/Oct/2014:00:36:37 -0400] "GET /wp-content/cache/autoptimize/css/autoptimize_baea3e2beb2e8c659a26f58ec42b7ad6.css HTTP/1.1" 200 57687 "http://hadooptutorial.info/tag/noclassdeffounderror/" "Mozilla/5.0 (Windows NT 6.1) AppleWebKit/537.36 (KHTML, like Gecko) Chrome/38.0.2125.104 Safari/537.36 AppEngine-Google; (+http://code.google.com/appengine; appid: s~lewissnap)"
118.102.255.50 - - [17/Oct/2014:00:36:50 -0400] "GET /favicon.ico HTTP/1.1" 200 20 "-" "Mozilla/5.0 (Windows NT 6.1; WOW64) AppleWebKit/537.36 (KHTML, like Gecko) Chrome/38.0.2125.101 Safari/537.36"
201.247.217.61 - - [17/Oct/2014:00:36:50 -0400] "GET /mapreduce-interview-questions-part-1/?relatedposts_hit=1&relatedposts_origin=885&relatedposts_position=0 HTTP/1.1" 200 10099 "http://hadooptutorial.info/hadoop-mapreduce-interview-questions-part-9/" "Mozilla/5.0 (X11; Ubuntu; Linux i686; rv:33.0) Gecko/20100101 Firefox/33.0"
201.247.217.61 - - [17/Oct/2014:00:36:58 -0400] "GET /wp-content/cache/autoptimize/css/autoptimize_79eaa9ef77eb1e99a5a382b038ef32e5.css HTTP/1.1" 200 63956 "http://hadooptutorial.info/mapreduce-interview-questions-part-1/?relatedposts_hit=1&relatedposts_origin=885&relatedposts_position=0" "Mozilla/5.0 (X11; Ubuntu; Linux i686; rv:33.0) Gecko/20100101 Firefox/33.0"
201.247.217.61 - - [17/Oct/2014:00:36:59 -0400] "GET /wp-content/cache/autoptimize/js/autoptimize_972ba47e467e445ef386abdc28c20f91.js HTTP/1.1" 200 195377 "http://hadooptutorial.info/mapreduce-interview-questions-part-1/?relatedposts_hit=1&relatedposts_origin=885&relatedposts_position=0" "Mozilla/5.0 (X11; Ubuntu; Linux i686; rv:33.0) Gecko/20100101 Firefox/33.0"
107.178.200.0 - - [17/Oct/2014:00:37:02 -0400] "GET /wp-content/themes/holi/images/headers/green/diamond.png HTTP/1.1" 200 16142 "http://hadooptutorial.info/wp-content/cache/autoptimize/css/autoptimize_baea3e2beb2e8c659a26f58ec42b7ad6.css" "Mozilla/5.0 (Windows NT 6.1) AppleWebKit/537.36 (KHTML, like Gecko) Chrome/38.0.2125.104 Safari/537.36 AppEngine-Google; (+http://code.google.com/appengine; appid: s~lewissnap)"
107.178.200.194 - - [17/Oct/2014:00:37:02 -0400] "GET /wp-content/plugins/crayon-syntax-highlighter/fonts/monaco/monaco-webfont.woff HTTP/1.1" 200 21332 "http://hadooptutorial.info/wp-content/cache/autoptimize/css/autoptimize_baea3e2beb2e8c659a26f58ec42b7ad6.css" "Mozilla/5.0 (Windows NT 6.1) AppleWebKit/537.36 (KHTML, like Gecko) Chrome/38.0.2125.104 Safari/537.36 AppEngine-Google; (+http://code.google.com/appengine; appid: s~lewissnap)"
201.247.217.61 - - [17/Oct/2014:00:37:01 -0400] "GET /wp-admin/admin-ajax.php?action=wordfence_logHuman&hid=E01C9B5327FC930697C6775FBDFE3C9F&r=0.6213370160751134 HTTP/1.1" 200 20 "http://hadooptutorial.info/mapreduce-interview-questions-part-1/?relatedposts_hit=1&relatedposts_origin=885&relatedposts_position=0" "Mozilla/5.0 (X11; Ubuntu; Linux i686; rv:33.0) Gecko/20100101 Firefox/33.0"
118.102.255.50 - - [17/Oct/2014:00:37:04 -0400] "GET /favicon.ico HTTP/1.1" 200 20 "-" "Mozilla/5.0 (Windows NT 6.1; WOW64) AppleWebKit/537.36 (KHTML, like Gecko) Chrome/38.0.2125.101 Safari/537.36"
107.178.200.7 - - [17/Oct/2014:00:37:02 -0400] "GET /wp-admin/admin-ajax.php?action=wordfence_logHuman&hid=45BFC6AEB22257725C3B39EBD1498548&r=0.8185666771605611 HTTP/1.1" 200 20 "http://hadooptutorial.info/tag/noclassdeffounderror/" "Mozilla/5.0 (Windows NT 6.1) AppleWebKit/537.36 (KHTML, like Gecko) Chrome/38.0.2125.104 Safari/537.36 AppEngine-Google; (+http://code.google.com/appengine; appid: s~lewissnap)"
201.247.217.61 - - [17/Oct/2014:00:37:03 -0400] "GET /mapreduce-interview-questions-part-1/?relatedposts=1 HTTP/1.1" 200 572 "http://hadooptutorial.info/mapreduce-interview-questions-part-1/" "Mozilla/5.0 (X11; Ubuntu; Linux i686; rv:33.0) Gecko/20100101 Firefox/33.0"
107.178.200.6 - - [17/Oct/2014:00:37:18 -0400] "GET /favicon.ico HTTP/1.1" 200 20 "-" "Mozilla/5.0 (Windows NT 6.1) AppleWebKit/537.36 (KHTML, like Gecko) Chrome/38.0.2125.104 Safari/537.36 AppEngine-Google; (+http://code.google.com/appengine; appid: s~lewissnap)"
201.247.217.61 - - [17/Oct/2014:00:37:23 -0400] "GET /category/hadoop/ HTTP/1.1" 200 37556 "http://hadooptutorial.info/mapreduce-interview-questions-part-1/" "Mozilla/5.0 (X11; Ubuntu; Linux i686; rv:33.0) Gecko/20100101 Firefox/33.0"
201.247.217.61 - - [17/Oct/2014:00:37:33 -0400] "GET /wp-content/cache/autoptimize/js/autoptimize_4c0b79791057a07a0fe55cd54e8393a4.js HTTP/1.1" 200 77191 "http://hadooptutorial.info/category/hadoop/" "Mozilla/5.0 (X11; Ubuntu; Linux i686; rv:33.0) Gecko/20100101 Firefox/33.0"
201.247.217.61 - - [17/Oct/2014:00:37:40 -0400] "GET /wp-admin/admin-ajax.php?action=wordfence_logHuman&hid=F79C10A729C62292279244BA3E79CF07&r=0.5317295142604053 HTTP/1.1" 200 20 "http://hadooptutorial.info/category/hadoop/" "Mozilla/5.0 (X11; Ubuntu; Linux i686; rv:33.0) Gecko/20100101 Firefox/33.0"
201.247.217.61 - - [17/Oct/2014:00:37:44 -0400] "GET /category/hadoop/page/2/ HTTP/1.1" 200 30107 "http://hadooptutorial.info/category/hadoop/" "Mozilla/5.0 (X11; Ubuntu; Linux i686; rv:33.0) Gecko/20100101 Firefox/33.0"
118.102.255.50 - - [17/Oct/2014:00:37:54 -0400] "GET /favicon.ico HTTP/1.1" 200 20 "-" "Mozilla/5.0 (Windows NT 6.1; WOW64) AppleWebKit/537.36 (KHTML, like Gecko) Chrome/38.0.2125.101 Safari/537.36"
201.247.217.61 - - [17/Oct/2014:00:37:54 -0400] "GET /eclipse-configuration-for-hadoop/ HTTP/1.1" 200 14648 "-" "Mozilla/5.0 (X11; Ubuntu; Linux i686; rv:33.0) Gecko/20100101 Firefox/33.0"
201.247.217.61 - - [17/Oct/2014:00:37:56 -0400] "GET /wp-admin/admin-ajax.php?action=wordfence_logHuman&hid=F077E527654D4A4161D0D464ACE243C6&r=0.5517027502973404 HTTP/1.1" 200 20 "http://hadooptutorial.info/eclipse-configuration-for-hadoop/" "Mozilla/5.0 (X11; Ubuntu; Linux i686; rv:33.0) Gecko/20100101 Firefox/33.0"
201.247.217.61 - - [17/Oct/2014:00:37:58 -0400] "GET /eclipse-configuration-for-hadoop/?relatedposts=1&relatedposts_exclude=undefined HTTP/1.1" 200 618 "http://hadooptutorial.info/eclipse-configuration-for-hadoop/" "Mozilla/5.0 (X11; Ubuntu; Linux i686; rv:33.0) Gecko/20100101 Firefox/33.0"
118.102.255.50 - - [17/Oct/2014:00:38:05 -0400] "GET /favicon.ico HTTP/1.1" 200 20 "-" "Mozilla/5.0 (Windows NT 6.1; WOW64) AppleWebKit/537.36 (KHTML, like Gecko) Chrome/38.0.2125.101 Safari/537.36"
111.67.19.102 - - [17/Oct/2014:00:38:04 -0400] "GET /components/com_community/index.html HTTP/1.1" 404 14690 "-" "Mozilla/5.0 (compatible; MSIE 9.0; Windows NT 6.0; Trident/5.0)"
66.249.64.51 - - [17/Oct/2014:00:38:04 -0400] "GET /members/margazjn/ HTTP/1.1" 200 5098 "-" "Mozilla/5.0 (compatible; Googlebot/2.1; +http://www.google.com/bot.html)"
111.67.19.102 - - [17/Oct/2014:00:38:09 -0400] "GET //components/com_jdownloads/jdownloads.js HTTP/1.1" 301 401 "-" "Mozilla/5.0 (Windows; U; Windows NT 5.1; de-LI; rv:1.9.0.16) Gecko/2009120208 Firefox/3.0.16 (.NET CLR 3.5.30729)"
111.67.19.102 - - [17/Oct/2014:00:38:11 -0400] "GET //index.php?option=com_fabrik&c=import&view=import&filetype=csv&table=1 HTTP/1.1" 301 311 "-" "Mozilla/5.0 (Windows; U; Windows NT 5.1; de-LI; rv:1.9.0.16) Gecko/2009120208 Firefox/3.0.16 (.NET CLR 3.5.30729)"
111.67.19.102 - - [17/Oct/2014:00:38:19 -0400] "GET /index.php?option=com_jce&task=plugin&plugin=imgmanager&file=imgmanager&method=form&action=upload HTTP/1.1" 301 342 "-" "Mozilla/5.0 (compatible; MSIE 9.0; Windows NT 6.0; Trident/5.0)"
66.249.64.55 - - [17/Oct/2014:00:38:17 -0400] "GET /members/fhkrosal/ HTTP/1.1" 200 4999 "-" "Mozilla/5.0 (compatible; Googlebot/2.1; +http://www.google.com/bot.html)"
111.67.19.102 - - [17/Oct/2014:00:38:22 -0400] "GET /index.php?option=com_media&view=images&tmpl=component&e_name=jform_articletext&asset=com_content&author= HTTP/1.1" 301 350 "-" "Mozilla/5.0 (Windows; U; Windows NT 5.1; de-LI; rv:1.9.0.16) Gecko/2009120208 Firefox/3.0.16 (.NET CLR 3.5.30729)"
111.67.19.102 - - [17/Oct/2014:00:38:24 -0400] "GET /portal/components/com_community/index.html HTTP/1.1" 404 14699 "-" "Mozilla/5.0 (compatible; MSIE 9.0; Windows NT 6.0; Trident/5.0)"
111.67.19.102 - - [17/Oct/2014:00:38:28 -0400] "GET /portal//components/com_jdownloads/jdownloads.js HTTP/1.1" 301 408 "-" "Mozilla/5.0 (Windows; U; Windows NT 5.1; de-LI; rv:1.9.0.16) Gecko/2009120208 Firefox/3.0.16 (.NET CLR 3.5.30729)"
111.67.19.102 - - [17/Oct/2014:00:38:30 -0400] "GET /portal//index.php?option=com_fabrik&c=import&view=import&filetype=csv&table=1 HTTP/1.1" 301 445 "-" "Mozilla/5.0 (Windows; U; Windows NT 5.1; de-LI; rv:1.9.0.16) Gecko/2009120208 Firefox/3.0.16 (.NET CLR 3.5.30729)"
111.67.19.102 - - [17/Oct/2014:00:38:32 -0400] "GET /portal/index.php?option=com_jce&task=plugin&plugin=imgmanager&file=imgmanager&method=form&action=upload HTTP/1.1" 301 476 "-" "Mozilla/5.0 (compatible; MSIE 9.0; Windows NT 6.0; Trident/5.0)"
111.67.19.102 - - [17/Oct/2014:00:38:34 -0400] "GET /portal/index.php?option=com_media&view=images&tmpl=component&e_name=jform_articletext&asset=com_content&author= HTTP/1.1" 301 484 "-" "Mozilla/5.0 (Windows; U; Windows NT 5.1; de-LI; rv:1.9.0.16) Gecko/2009120208 Firefox/3.0.16 (.NET CLR 3.5.30729)"
66.249.64.51 - - [17/Oct/2014:00:38:33 -0400] "GET /members/ermelkmu/activity/favorites/ HTTP/1.1" 200 4898 "-" "Mozilla/5.0 (compatible; Googlebot/2.1; +http://www.google.com/bot.html)"
66.249.64.55 - - [17/Oct/2014:00:38:34 -0400] "GET /activity/?acpage=3 HTTP/1.1" 200 6508 "-" "Mozilla/5.0 (compatible; Googlebot/2.1; +http://www.google.com/bot.html)"
198.175.124.99 - - [17/Oct/2014:00:38:47 -0400] "GET /register/ HTTP/1.1" 200 4878 "http://hadooptutorial.info/" "Mozilla/5.0 (Windows NT 6.1; rv:22.0) Gecko/20100101 Firefox/22.0"
212.129.59.23 - - [17/Oct/2014:00:38:49 -0400] "GET /register/ HTTP/1.1" 200 4878 "http://hadooptutorial.info/" "Mozilla/5.0 (Windows NT 6.1; rv:22.0) Gecko/20100101 Firefox/22.0"
118.102.255.50 - - [17/Oct/2014:00:38:50 -0400] "GET /favicon.ico HTTP/1.1" 200 20 "-" "Mozilla/5.0 (Windows NT 6.1; WOW64) AppleWebKit/537.36 (KHTML, like Gecko) Chrome/38.0.2125.101 Safari/537.36"
198.175.124.99 - - [17/Oct/2014:00:38:48 -0400] "GET /wp-login.php?redirect_to=http%3A%2F%2Fhadooptutorial.info%2Fregister%2F HTTP/1.1" 200 1308 "http://hadooptutorial.info/" "Mozilla/5.0 (Windows NT 6.1; rv:22.0) Gecko/20100101 Firefox/22.0"
66.249.64.51 - - [17/Oct/2014:00:38:51 -0400] "GET /wp-content/cache/autoptimize/js/autoptimize_b8a04a2986530ff7ea0db1c3ac5302f1.js HTTP/1.1" 200 77197 "http://hadooptutorial.info/members/rao-645/activity/favorites/" "Mozilla/5.0 (compatible; Googlebot/2.1; +http://www.google.com/bot.html)"
197.37.241.54 - - [17/Oct/2014:00:38:52 -0400] "GET /register/ HTTP/1.1" 200 4878 "http://hadooptutorial.info/" "Mozilla/5.0 (Windows NT 6.1; rv:22.0) Gecko/20100101 Firefox/22.0"
198.175.124.99 - - [17/Oct/2014:00:38:50 -0400] "POST /wp-login.php HTTP/1.1" 200 1668 "http://hadooptutorial.info/wp-login.php?redirect_to=http%3A%2F%2Fhadooptutorial.info%2Fregister%2F" "Mozilla/5.0 (Windows NT 6.1; rv:22.0) Gecko/20100101 Firefox/22.0"
197.37.241.54 - - [17/Oct/2014:00:38:54 -0400] "POST /register/ HTTP/1.1" 200 4899 "http://hadooptutorial.info/register/" "Mozilla/5.0 (Windows NT 6.1; rv:22.0) Gecko/20100101 Firefox/22.0"
66.249.64.55 - - [17/Oct/2014:00:38:58 -0400] "GET /activity/p/1133/ HTTP/1.1" 302 275 "-" "Mozilla/5.0 (compatible; Googlebot/2.1; +http://www.google.com/bot.html)"
118.102.255.50 - - [17/Oct/2014:00:39:06 -0400] "GET /favicon.ico HTTP/1.1" 200 20 "-" "Mozilla/5.0 (Windows NT 6.1; WOW64) AppleWebKit/537.36 (KHTML, like Gecko) Chrome/38.0.2125.101 Safari/537.36"
66.249.64.51 - - [17/Oct/2014:00:39:03 -0400] "GET /members/eduarpaltridg/activity/favorites/ HTTP/1.1" 200 4901 "-" "Mozilla/5.0 (compatible; Googlebot/2.1; +http://www.google.com/bot.html)"
122.169.237.144 - - [17/Oct/2014:00:39:50 -0400] "GET /mapreduce-interview-questions-part-1/ HTTP/1.1" 200 10011 "-" "Mozilla/5.0 (Windows NT 6.1) AppleWebKit/537.36 (KHTML, like Gecko) Chrome/37.0.2062.124 Safari/537.36"
118.102.255.50 - - [17/Oct/2014:00:39:51 -0400] "GET /favicon.ico HTTP/1.1" 200 20 "-" "Mozilla/5.0 (Windows NT 6.1; WOW64) AppleWebKit/537.36 (KHTML, like Gecko) Chrome/38.0.2125.101 Safari/537.36"
122.169.237.144 - - [17/Oct/2014:00:40:04 -0400] "GET /wp-content/cache/autoptimize/js/autoptimize_d6de44e7c1f43ff1ab2bf169811eee57.js HTTP/1.1" 200 195375 "http://hadooptutorial.info/mapreduce-interview-questions-part-1/" "Mozilla/5.0 (Windows NT 6.1) AppleWebKit/537.36 (KHTML, like Gecko) Chrome/37.0.2062.124 Safari/537.36"
118.102.255.50 - - [17/Oct/2014:00:40:06 -0400] "GET /favicon.ico HTTP/1.1" 200 20 "-" "Mozilla/5.0 (Windows NT 6.1; WOW64) AppleWebKit/537.36 (KHTML, like Gecko) Chrome/38.0.2125.101 Safari/537.36"
66.249.64.55 - - [17/Oct/2014:00:40:00 -0400] "GET /members/lfvcarlo/activity/1133/ HTTP/1.1" 200 4532 "-" "Mozilla/5.0 (compatible; Googlebot/2.1; +http://www.google.com/bot.html)"
66.249.64.51 - - [17/Oct/2014:00:40:10 -0400] "GET /members/jamiwooley/activity/ HTTP/1.1" 301 274 "-" "Mozilla/5.0 (compatible; Googlebot/2.1; +http://www.google.com/bot.html)"
198.50.217.3 - - [17/Oct/2014:00:40:14 -0400] "GET / HTTP/1.1" 200 7773 "-" "Mozilla/5.0 (Windows NT 6.1; rv:22.0) Gecko/20100101 Firefox/22.0"
198.50.217.3 - - [17/Oct/2014:00:40:14 -0400] "GET /members/emilfinniss/profile/public/ HTTP/1.1" 301 280 "-" "Mozilla/5.0 (Windows NT 6.1; rv:22.0) Gecko/20100101 Firefox/22.0"
198.50.217.3 - - [17/Oct/2014:00:40:16 -0400] "GET /members/emilfinniss/profile/ HTTP/1.1" 200 4806 "-" "Mozilla/5.0 (Windows NT 6.1; rv:22.0) Gecko/20100101 Firefox/22.0"
66.249.64.55 - - [17/Oct/2014:00:40:17 -0400] "GET /members/hattimcquille/activity/mentions/ HTTP/1.1" 404 4098 "-" "Mozilla/5.0 (compatible; Googlebot/2.1; +http://www.google.com/bot.html)"
66.249.64.59 - - [17/Oct/2014:00:40:27 -0400] "GET /members/jaimimcgowen/activity/feed/ HTTP/1.1" 200 410 "-" "Mozilla/5.0 (compatible; Googlebot/2.1; +http://www.google.com/bot.html)"
66.249.64.59 - - [17/Oct/2014:00:40:25 -0400] "GET /members/wilhebernacch/ HTTP/1.1" 200 5012 "-" "Mozilla/5.0 (compatible; Googlebot/2.1; +http://www.google.com/bot.html)"
66.249.64.59 - - [17/Oct/2014:00:40:30 -0400] "GET /members/dannihoppe/activity/feed/ HTTP/1.1" 200 602 "-" "Mozilla/5.0 (compatible; Googlebot/2.1; +http://www.google.com/bot.html)"
122.169.237.144 - - [17/Oct/2014:00:40:33 -0400] "GET /wp-admin/admin-ajax.php?action=wordfence_logHuman&hid=11B89ED8C1AEB7E6CB0CDC42C2BB3DDB&r=0.549987212754786 HTTP/1.1" 200 20 "http://hadooptutorial.info/mapreduce-interview-questions-part-1/" "Mozilla/5.0 (Windows NT 6.1) AppleWebKit/537.36 (KHTML, like Gecko) Chrome/37.0.2062.124 Safari/537.36"
122.169.237.144 - - [17/Oct/2014:00:40:34 -0400] "GET /mapreduce-interview-questions-part-1/?relatedposts=1&relatedposts_exclude=undefined HTTP/1.1" 200 572 "http://hadooptutorial.info/mapreduce-interview-questions-part-1/" "Mozilla/5.0 (Windows NT 6.1) AppleWebKit/537.36 (KHTML, like Gecko) Chrome/37.0.2062.124 Safari/537.36"
122.169.237.144 - - [17/Oct/2014:00:40:45 -0400] "GET /favicon.ico HTTP/1.1" 200 20 "-" "Mozilla/5.0 (Windows NT 6.1) AppleWebKit/537.36 (KHTML, like Gecko) Chrome/37.0.2062.124 Safari/537.36"
118.102.255.50 - - [17/Oct/2014:00:40:51 -0400] "GET /favicon.ico HTTP/1.1" 200 20 "-" "Mozilla/5.0 (Windows NT 6.1; WOW64) AppleWebKit/537.36 (KHTML, like Gecko) Chrome/38.0.2125.101 Safari/537.36"
118.102.255.50 - - [17/Oct/2014:00:41:06 -0400] "GET /favicon.ico HTTP/1.1" 200 20 "-" "Mozilla/5.0 (Windows NT 6.1; WOW64) AppleWebKit/537.36 (KHTML, like Gecko) Chrome/38.0.2125.101 Safari/537.36"
118.102.255.50 - - [17/Oct/2014:00:41:55 -0400] "GET /favicon.ico HTTP/1.1" 200 20 "-" "Mozilla/5.0 (Windows NT 6.1; WOW64) AppleWebKit/537.36 (KHTML, like Gecko) Chrome/38.0.2125.101 Safari/537.36"
118.102.255.50 - - [17/Oct/2014:00:42:10 -0400] "GET /favicon.ico HTTP/1.1" 200 20 "-" "Mozilla/5.0 (Windows NT 6.1; WOW64) AppleWebKit/537.36 (KHTML, like Gecko) Chrome/38.0.2125.101 Safari/537.36"
61.16.142.58 - - [17/Oct/2014:00:42:09 -0400] "GET /wp-admin/admin-ajax.php?action=wordfence_logHuman&hid=73163FB0555F0C305959232402A702CA&r=0.8735074303112924 HTTP/1.1" 200 20 "http://hadooptutorial.info/eclipse-configuration-for-hadoop/" "Mozilla/5.0 (Windows NT 6.1; WOW64) AppleWebKit/537.36 (KHTML, like Gecko) Chrome/39.0.2171.27 Safari/537.36"
61.16.142.58 - - [17/Oct/2014:00:42:10 -0400] "GET /eclipse-configuration-for-hadoop/?relatedposts=1&relatedposts_exclude=undefined HTTP/1.1" 200 618 "http://hadooptutorial.info/eclipse-configuration-for-hadoop/" "Mozilla/5.0 (Windows NT 6.1; WOW64) AppleWebKit/537.36 (KHTML, like Gecko) Chrome/39.0.2171.27 Safari/537.36"
61.16.142.58 - - [17/Oct/2014:00:42:33 -0400] "GET /favicon.ico HTTP/1.1" 200 20 "-" "Mozilla/5.0 (Windows NT 6.1; WOW64) AppleWebKit/537.36 (KHTML, like Gecko) Chrome/39.0.2171.27 Safari/537.36"
118.102.255.50 - - [17/Oct/2014:00:43:04 -0400] "GET /favicon.ico HTTP/1.1" 200 20 "-" "Mozilla/5.0 (Windows NT 6.1; WOW64) AppleWebKit/537.36 (KHTML, like Gecko) Chrome/38.0.2125.101 Safari/537.36"
118.102.255.50 - - [17/Oct/2014:00:43:08 -0400] "GET /favicon.ico HTTP/1.1" 200 20 "-" "Mozilla/5.0 (Windows NT 6.1; WOW64) AppleWebKit/537.36 (KHTML, like Gecko) Chrome/38.0.2125.101 Safari/537.36"
66.249.64.55 - - [17/Oct/2014:00:43:08 -0400] "GET /members/ HTTP/1.1" 200 6627 "-" "Mozilla/5.0 (compatible; Googlebot/2.1; +http://www.google.com/bot.html)"
66.249.64.59 - - [17/Oct/2014:00:43:02 -0400] "GET /category/hive/ HTTP/1.1" 200 27227 "-" "Mozilla/5.0 (compatible; Googlebot/2.1; +http://www.google.com/bot.html)"
66.249.64.55 - - [17/Oct/2014:00:43:14 -0400] "GET /wp-content/cache/autoptimize/js/autoptimize_1f7e1cb83eabda2eb5ced55237302743.js HTTP/1.1" 200 77197 "http://hadooptutorial.info/members/lfvcarlo/activity/1133/" "Mozilla/5.0 (compatible; Googlebot/2.1; +http://www.google.com/bot.html)"
66.249.64.51 - - [17/Oct/2014:00:43:14 -0400] "GET /wp-content/cache/autoptimize/js/autoptimize_226a512c49ba22e794ae20e3f0c476d5.js HTTP/1.1" 200 77197 "http://hadooptutorial.info/members/fhkrosal/" "Mozilla/5.0 (compatible; Googlebot/2.1; +http://www.google.com/bot.html)"
66.249.64.55 - - [17/Oct/2014:00:43:36 -0400] "GET /wp-content/cache/autoptimize/js/autoptimize_6bb60fc091e761202d4309ed68ed5912.js HTTP/1.1" 200 78841 "http://hadooptutorial.info/activity/?acpage=3" "Mozilla/5.0 (compatible; Googlebot/2.1; +http://www.google.com/bot.html)"
100.43.81.131 - - [17/Oct/2014:00:43:41 -0400] "GET /?p=1156 HTTP/1.1" 301 226 "-" "Mozilla/5.0 (compatible; YandexBot/3.0; +http://yandex.com/bots)"
100.43.81.131 - - [17/Oct/2014:00:43:45 -0400] "GET /flume-agent-setup-netcat-source-console-sink/ HTTP/1.1" 200 11678 "-" "Mozilla/5.0 (compatible; YandexBot/3.0; +http://yandex.com/bots)"
118.102.255.50 - - [17/Oct/2014:00:43:51 -0400] "GET /favicon.ico HTTP/1.1" 200 20 "-" "Mozilla/5.0 (Windows NT 6.1; WOW64) AppleWebKit/537.36 (KHTML, like Gecko) Chrome/38.0.2125.101 Safari/537.36"
118.102.255.50 - - [17/Oct/2014:00:44:07 -0400] "GET /favicon.ico HTTP/1.1" 200 20 "-" "Mozilla/5.0 (Windows NT 6.1; WOW64) AppleWebKit/537.36 (KHTML, like Gecko) Chrome/38.0.2125.101 Safari/537.36"
118.102.255.50 - - [17/Oct/2014:00:44:52 -0400] "GET /favicon.ico HTTP/1.1" 200 20 "-" "Mozilla/5.0 (Windows NT 6.1; WOW64) AppleWebKit/537.36 (KHTML, like Gecko) Chrome/38.0.2125.101 Safari/537.36"
195.154.182.117 - - [17/Oct/2014:00:45:01 -0400] "GET /register/ HTTP/1.1" 200 4878 "http://hadooptutorial.info/" "Mozilla/5.0 (Windows NT 6.1; rv:22.0) Gecko/20100101 Firefox/22.0"
195.154.182.117 - - [17/Oct/2014:00:45:01 -0400] "GET /register/ HTTP/1.1" 200 4878 "http://hadooptutorial.info/" "Mozilla/5.0 (Windows NT 6.1; rv:22.0) Gecko/20100101 Firefox/22.0"
66.96.183.35 - - [17/Oct/2014:00:45:03 -0400] "POST /wp-cron.php?doing_wp_cron=1413521103.6895339488983154296875 HTTP/1.1" 200 - "-" "WordPress/4.0; http://hadooptutorial.info"
118.102.255.50 - - [17/Oct/2014:00:45:07 -0400] "GET /favicon.ico HTTP/1.1" 200 20 "-" "Mozilla/5.0 (Windows NT 6.1; WOW64) AppleWebKit/537.36 (KHTML, like Gecko) Chrome/38.0.2125.101 Safari/537.36"
195.154.182.117 - - [17/Oct/2014:00:45:02 -0400] "POST /register/ HTTP/1.1" 200 4899 "http://hadooptutorial.info/register/" "Mozilla/5.0 (Windows NT 6.1; rv:22.0) Gecko/20100101 Firefox/22.0"
122.169.237.144 - - [17/Oct/2014:00:45:18 -0400] "GET /favicon.ico HTTP/1.1" 200 20 "-" "Mozilla/5.0 (Windows NT 6.1) AppleWebKit/537.36 (KHTML, like Gecko) Chrome/37.0.2062.124 Safari/537.36"
66.249.64.55 - - [17/Oct/2014:00:45:17 -0400] "GET /author/siv535gmail-com/page/5/ HTTP/1.1" 200 41835 "-" "Mozilla/5.0 (compatible; Googlebot/2.1; +http://www.google.com/bot.html)"
122.169.237.144 - - [17/Oct/2014:00:45:37 -0400] "GET /favicon.ico HTTP/1.1" 200 20 "-" "Mozilla/5.0 (Windows NT 6.1) AppleWebKit/537.36 (KHTML, like Gecko) Chrome/37.0.2062.124 Safari/537.36"
66.249.64.59 - - [17/Oct/2014:00:45:45 -0400] "GET /combiner-in-mapreduce/ HTTP/1.1" 200 17146 "-" "Mozilla/5.0 (compatible; Googlebot/2.1; +http://www.google.com/bot.html)"
118.102.255.50 - - [17/Oct/2014:00:45:54 -0400] "GET /favicon.ico HTTP/1.1" 200 20 "-" "Mozilla/5.0 (Windows NT 6.1; WOW64) AppleWebKit/537.36 (KHTML, like Gecko) Chrome/38.0.2125.101 Safari/537.36"
118.102.255.50 - - [17/Oct/2014:00:46:08 -0400] "GET /favicon.ico HTTP/1.1" 200 20 "-" "Mozilla/5.0 (Windows NT 6.1; WOW64) AppleWebKit/537.36 (KHTML, like Gecko) Chrome/38.0.2125.101 Safari/537.36"
118.102.255.50 - - [17/Oct/2014:00:46:55 -0400] "GET /favicon.ico HTTP/1.1" 200 20 "-" "Mozilla/5.0 (Windows NT 6.1; WOW64) AppleWebKit/537.36 (KHTML, like Gecko) Chrome/38.0.2125.101 Safari/537.36"
118.102.255.50 - - [17/Oct/2014:00:47:08 -0400] "GET /favicon.ico HTTP/1.1" 200 20 "-" "Mozilla/5.0 (Windows NT 6.1; WOW64) AppleWebKit/537.36 (KHTML, like Gecko) Chrome/38.0.2125.101 Safari/537.36"
66.249.64.55 - - [17/Oct/2014:00:47:24 -0400] "GET /members/lfvcarlo/ HTTP/1.1" 200 5006 "-" "Mozilla/5.0 (compatible; Googlebot/2.1; +http://www.google.com/bot.html)"
118.102.255.50 - - [17/Oct/2014:00:47:57 -0400] "GET /favicon.ico HTTP/1.1" 200 20 "-" "Mozilla/5.0 (Windows NT 6.1; WOW64) AppleWebKit/537.36 (KHTML, like Gecko) Chrome/38.0.2125.101 Safari/537.36"
118.102.255.50 - - [17/Oct/2014:00:48:08 -0400] "GET /favicon.ico HTTP/1.1" 200 20 "-" "Mozilla/5.0 (Windows NT 6.1; WOW64) AppleWebKit/537.36 (KHTML, like Gecko) Chrome/38.0.2125.101 Safari/537.36"
66.249.64.55 - - [17/Oct/2014:00:48:46 -0400] "GET /wp-content/cache/autoptimize/js/autoptimize_614faa2b72b7958cb0d6b2ec5092a585.js HTTP/1.1" 200 82356 "http://hadooptutorial.info/combiner-in-mapreduce/" "Mozilla/5.0 (compatible; Googlebot/2.1; +http://www.google.com/bot.html)"
66.249.64.55 - - [17/Oct/2014:00:48:48 -0400] "GET /wp-content/cache/autoptimize/js/autoptimize_aa9fb6c960d90add29aaed661132cf16.js HTTP/1.1" 200 77194 "http://hadooptutorial.info/category/hive/" "Mozilla/5.0 (compatible; Googlebot/2.1; +http://www.google.com/bot.html)"
66.249.64.55 - - [17/Oct/2014:00:48:48 -0400] "GET /wp-content/cache/autoptimize/js/autoptimize_326d68c4d45e3bf786d038fe6c1c45a5.js HTTP/1.1" 200 77196 "http://hadooptutorial.info/members/" "Mozilla/5.0 (compatible; Googlebot/2.1; +http://www.google.com/bot.html)"
66.249.64.55 - - [17/Oct/2014:00:48:48 -0400] "GET /wp-content/cache/autoptimize/js/autoptimize_c74306fc2b107752f8b2c06f844b86a2.js HTTP/1.1" 200 77195 "http://hadooptutorial.info/author/siv535gmail-com/page/5/" "Mozilla/5.0 (compatible; Googlebot/2.1; +http://www.google.com/bot.html)"
118.102.255.50 - - [17/Oct/2014:00:48:57 -0400] "GET /favicon.ico HTTP/1.1" 200 20 "-" "Mozilla/5.0 (Windows NT 6.1; WOW64) AppleWebKit/537.36 (KHTML, like Gecko) Chrome/38.0.2125.101 Safari/537.36"
118.102.255.50 - - [17/Oct/2014:00:49:09 -0400] "GET /favicon.ico HTTP/1.1" 200 20 "-" "Mozilla/5.0 (Windows NT 6.1; WOW64) AppleWebKit/537.36 (KHTML, like Gecko) Chrome/38.0.2125.101 Safari/537.36"
118.102.255.50 - - [17/Oct/2014:00:49:59 -0400] "GET /favicon.ico HTTP/1.1" 200 20 "-" "Mozilla/5.0 (Windows NT 6.1; WOW64) AppleWebKit/537.36 (KHTML, like Gecko) Chrome/38.0.2125.101 Safari/537.36"
118.102.255.50 - - [17/Oct/2014:00:50:09 -0400] "GET /favicon.ico HTTP/1.1" 200 20 "-" "Mozilla/5.0 (Windows NT 6.1; WOW64) AppleWebKit/537.36 (KHTML, like Gecko) Chrome/38.0.2125.101 Safari/537.36"
118.102.255.50 - - [17/Oct/2014:00:51:00 -0400] "GET /favicon.ico HTTP/1.1" 200 20 "-" "Mozilla/5.0 (Windows NT 6.1; WOW64) AppleWebKit/537.36 (KHTML, like Gecko) Chrome/38.0.2125.101 Safari/537.36"
118.102.255.50 - - [17/Oct/2014:00:51:10 -0400] "GET /favicon.ico HTTP/1.1" 200 20 "-" "Mozilla/5.0 (Windows NT 6.1; WOW64) AppleWebKit/537.36 (KHTML, like Gecko) Chrome/38.0.2125.101 Safari/537.36"
202.91.136.3 - - [17/Oct/2014:00:51:17 -0400] "GET /mapreduce-interview-questions-part-5/ HTTP/1.1" 200 8973 "http://hadooptutorial.info/category/interview-questions/" "Mozilla/5.0 (Windows NT 6.1) AppleWebKit/537.36 (KHTML, like Gecko) Chrome/40.0.2182.0 Safari/537.36"
202.91.136.3 - - [17/Oct/2014:00:51:27 -0400] "GET /wp-content/cache/autoptimize/js/autoptimize_5215e5a05541bdcdff2ce0f1ff6c2154.js HTTP/1.1" 200 195375 "http://hadooptutorial.info/mapreduce-interview-questions-part-5/" "Mozilla/5.0 (Windows NT 6.1) AppleWebKit/537.36 (KHTML, like Gecko) Chrome/40.0.2182.0 Safari/537.36"
202.91.136.3 - - [17/Oct/2014:00:51:30 -0400] "GET /mapreduce-interview-questions-part-5/?relatedposts=1&relatedposts_exclude=undefined HTTP/1.1" 200 543 "http://hadooptutorial.info/mapreduce-interview-questions-part-5/" "Mozilla/5.0 (Windows NT 6.1) AppleWebKit/537.36 (KHTML, like Gecko) Chrome/40.0.2182.0 Safari/537.36"
202.91.136.3 - - [17/Oct/2014:00:51:30 -0400] "GET /wp-admin/admin-ajax.php?action=wordfence_logHuman&hid=59EA3056D1780CB0ACC2336B02903BFE&r=0.02454759320244193 HTTP/1.1" 200 20 "http://hadooptutorial.info/mapreduce-interview-questions-part-5/" "Mozilla/5.0 (Windows NT 6.1) AppleWebKit/537.36 (KHTML, like Gecko) Chrome/40.0.2182.0 Safari/537.36"
202.91.136.3 - - [17/Oct/2014:00:51:32 -0400] "GET /favicon.ico HTTP/1.1" 200 20 "-" "Mozilla/5.0 (Windows NT 6.1) AppleWebKit/537.36 (KHTML, like Gecko) Chrome/40.0.2182.0 Safari/537.36"
118.102.255.50 - - [17/Oct/2014:00:52:02 -0400] "GET /favicon.ico HTTP/1.1" 200 20 "-" "Mozilla/5.0 (Windows NT 6.1; WOW64) AppleWebKit/537.36 (KHTML, like Gecko) Chrome/38.0.2125.101 Safari/537.36"
118.102.255.50 - - [17/Oct/2014:00:52:10 -0400] "GET /favicon.ico HTTP/1.1" 200 20 "-" "Mozilla/5.0 (Windows NT 6.1; WOW64) AppleWebKit/537.36 (KHTML, like Gecko) Chrome/38.0.2125.101 Safari/537.36"
66.249.64.59 - - [17/Oct/2014:00:52:49 -0400] "GET /members/joanndot/ HTTP/1.1" 200 4995 "-" "Mozilla/5.0 (compatible; Googlebot/2.1; +http://www.google.com/bot.html)"
118.102.255.50 - - [17/Oct/2014:00:53:02 -0400] "GET /favicon.ico HTTP/1.1" 200 20 "-" "Mozilla/5.0 (Windows NT 6.1; WOW64) AppleWebKit/537.36 (KHTML, like Gecko) Chrome/38.0.2125.101 Safari/537.36"
118.102.255.50 - - [17/Oct/2014:00:53:10 -0400] "GET /favicon.ico HTTP/1.1" 200 20 "-" "Mozilla/5.0 (Windows NT 6.1; WOW64) AppleWebKit/537.36 (KHTML, like Gecko) Chrome/38.0.2125.101 Safari/537.36"
118.102.255.50 - - [17/Oct/2014:00:54:02 -0400] "GET /favicon.ico HTTP/1.1" 200 20 "-" "Mozilla/5.0 (Windows NT 6.1; WOW64) AppleWebKit/537.36 (KHTML, like Gecko) Chrome/38.0.2125.101 Safari/537.36"
118.102.255.50 - - [17/Oct/2014:00:54:10 -0400] "GET /favicon.ico HTTP/1.1" 200 20 "-" "Mozilla/5.0 (Windows NT 6.1; WOW64) AppleWebKit/537.36 (KHTML, like Gecko) Chrome/38.0.2125.101 Safari/537.36"
121.242.40.15 - - [17/Oct/2014:00:54:28 -0400] "GET /tag/hive-programming/ HTTP/1.1" 200 8455 "http://www.google.co.in/url?sa=t&rct=j&q=&esrc=s&source=web&cd=8&ved=0CEIQFjAH&url=http%3A%2F%2Fhadooptutorial.info%2Ftag%2Fhive-programming%2F&ei=7qBAVInYPNCUuQTKmYKQDA&usg=AFQjCNEiytsAluHaZ6dyl5jEZFTJdu2u8A&bvm=bv.77648437,d.c2E&cad=rja" "Mozilla/5.0 (Windows NT 6.1; WOW64; rv:31.0) Gecko/20100101 Firefox/31.0"
121.242.40.15 - - [17/Oct/2014:00:54:34 -0400] "GET /wp-content/cache/autoptimize/css/autoptimize_2d9f7ab0344b5274fb615c2b23fa84e5.css HTTP/1.1" 200 57051 "http://hadooptutorial.info/tag/hive-programming/" "Mozilla/5.0 (Windows NT 6.1; WOW64; rv:31.0) Gecko/20100101 Firefox/31.0"
121.242.40.15 - - [17/Oct/2014:00:54:34 -0400] "GET /wp-content/plugins/buddypress/bp-core/css/admin-bar.min.css?ver=2.1.1 HTTP/1.1" 200 485 "http://hadooptutorial.info/tag/hive-programming/" "Mozilla/5.0 (Windows NT 6.1; WOW64; rv:31.0) Gecko/20100101 Firefox/31.0"
121.242.40.15 - - [17/Oct/2014:00:54:34 -0400] "GET /wp-includes/css/dashicons.min.css?ver=4.0 HTTP/1.1" 200 25342 "http://hadooptutorial.info/tag/hive-programming/" "Mozilla/5.0 (Windows NT 6.1; WOW64; rv:31.0) Gecko/20100101 Firefox/31.0"
121.242.40.15 - - [17/Oct/2014:00:54:34 -0400] "GET /wp-includes/css/admin-bar.min.css?ver=4.0 HTTP/1.1" 200 3502 "http://hadooptutorial.info/tag/hive-programming/" "Mozilla/5.0 (Windows NT 6.1; WOW64; rv:31.0) Gecko/20100101 Firefox/31.0"
121.242.40.15 - - [17/Oct/2014:00:54:35 -0400] "GET /wp-content/cache/autoptimize/js/autoptimize_b93a0db1d41d2d20d41b2ddeab03a233.js HTTP/1.1" 200 77195 "http://hadooptutorial.info/tag/hive-programming/" "Mozilla/5.0 (Windows NT 6.1; WOW64; rv:31.0) Gecko/20100101 Firefox/31.0"
121.242.40.15 - - [17/Oct/2014:00:54:35 -0400] "GET /wp-includes/js/admin-bar.min.js?ver=4.0 HTTP/1.1" 200 2394 "http://hadooptutorial.info/tag/hive-programming/" "Mozilla/5.0 (Windows NT 6.1; WOW64; rv:31.0) Gecko/20100101 Firefox/31.0"
121.242.40.15 - - [17/Oct/2014:00:54:35 -0400] "GET /wp-content/themes/holi/images/headers/green/diamond.png HTTP/1.1" 200 16142 "http://hadooptutorial.info/wp-content/cache/autoptimize/css/autoptimize_2d9f7ab0344b5274fb615c2b23fa84e5.css" "Mozilla/5.0 (Windows NT 6.1; WOW64; rv:31.0) Gecko/20100101 Firefox/31.0"
121.242.40.15 - - [17/Oct/2014:00:54:36 -0400] "GET /wp-admin/admin-ajax.php?action=wordfence_logHuman&hid=C8C5E2225AE8438E9656AB0640FB51F9&r=0.8717650849909516 HTTP/1.1" 200 20 "http://hadooptutorial.info/tag/hive-programming/" "Mozilla/5.0 (Windows NT 6.1; WOW64; rv:31.0) Gecko/20100101 Firefox/31.0"
121.242.40.15 - - [17/Oct/2014:00:54:38 -0400] "GET /favicon.ico HTTP/1.1" 200 20 "-" "Mozilla/5.0 (Windows NT 6.1; WOW64; rv:31.0) Gecko/20100101 Firefox/31.0"
118.102.255.50 - - [17/Oct/2014:00:55:03 -0400] "GET /favicon.ico HTTP/1.1" 200 20 "-" "Mozilla/5.0 (Windows NT 6.1; WOW64) AppleWebKit/537.36 (KHTML, like Gecko) Chrome/38.0.2125.101 Safari/537.36"
118.102.255.50 - - [17/Oct/2014:00:55:10 -0400] "GET /favicon.ico HTTP/1.1" 200 20 "-" "Mozilla/5.0 (Windows NT 6.1; WOW64) AppleWebKit/537.36 (KHTML, like Gecko) Chrome/38.0.2125.101 Safari/537.36"
162.197.212.56 - - [17/Oct/2014:00:55:58 -0400] "GET /mapreduce-interview-questions-part-1/ HTTP/1.1" 200 10011 "https://www.google.com/" "Mozilla/5.0 (Macintosh; Intel Mac OS X 10_8_5) AppleWebKit/537.36 (KHTML, like Gecko) Chrome/38.0.2125.101 Safari/537.36"
162.197.212.56 - - [17/Oct/2014:00:55:58 -0400] "GET /wp-content/cache/autoptimize/css/autoptimize_3204dd3ac01396a4931259cbe04a2e28.css HTTP/1.1" 200 5714 "http://hadooptutorial.info/mapreduce-interview-questions-part-1/" "Mozilla/5.0 (Macintosh; Intel Mac OS X 10_8_5) AppleWebKit/537.36 (KHTML, like Gecko) Chrome/38.0.2125.101 Safari/537.36"
162.197.212.56 - - [17/Oct/2014:00:55:58 -0400] "GET /wp-includes/css/dashicons.min.css?ver=4.0 HTTP/1.1" 200 25342 "http://hadooptutorial.info/mapreduce-interview-questions-part-1/" "Mozilla/5.0 (Macintosh; Intel Mac OS X 10_8_5) AppleWebKit/537.36 (KHTML, like Gecko) Chrome/38.0.2125.101 Safari/537.36"
162.197.212.56 - - [17/Oct/2014:00:55:58 -0400] "GET /wp-includes/css/admin-bar.min.css?ver=4.0 HTTP/1.1" 200 3502 "http://hadooptutorial.info/mapreduce-interview-questions-part-1/" "Mozilla/5.0 (Macintosh; Intel Mac OS X 10_8_5) AppleWebKit/537.36 (KHTML, like Gecko) Chrome/38.0.2125.101 Safari/537.36"
162.197.212.56 - - [17/Oct/2014:00:55:58 -0400] "GET /wp-includes/js/admin-bar.min.js?ver=4.0 HTTP/1.1" 200 2394 "http://hadooptutorial.info/mapreduce-interview-questions-part-1/" "Mozilla/5.0 (Macintosh; Intel Mac OS X 10_8_5) AppleWebKit/537.36 (KHTML, like Gecko) Chrome/38.0.2125.101 Safari/537.36"
162.197.212.56 - - [17/Oct/2014:00:55:58 -0400] "GET /wp-content/cache/autoptimize/css/autoptimize_190aa1d4c9a134184e620040f79be652.css HTTP/1.1" 200 45 "http://hadooptutorial.info/mapreduce-interview-questions-part-1/" "Mozilla/5.0 (Macintosh; Intel Mac OS X 10_8_5) AppleWebKit/537.36 (KHTML, like Gecko) Chrome/38.0.2125.101 Safari/537.36"
162.197.212.56 - - [17/Oct/2014:00:55:59 -0400] "GET /wp-content/plugins/buddypress/bp-core/css/admin-bar.min.css?ver=2.1.1 HTTP/1.1" 200 485 "http://hadooptutorial.info/mapreduce-interview-questions-part-1/" "Mozilla/5.0 (Macintosh; Intel Mac OS X 10_8_5) AppleWebKit/537.36 (KHTML, like Gecko) Chrome/38.0.2125.101 Safari/537.36"
162.197.212.56 - - [17/Oct/2014:00:55:59 -0400] "GET /wp-content/themes/holi/images/headers/green/diamond.png HTTP/1.1" 200 16142 "http://hadooptutorial.info/wp-content/cache/autoptimize/css/autoptimize_79eaa9ef77eb1e99a5a382b038ef32e5.css" "Mozilla/5.0 (Macintosh; Intel Mac OS X 10_8_5) AppleWebKit/537.36 (KHTML, like Gecko) Chrome/38.0.2125.101 Safari/537.36"
162.197.212.56 - - [17/Oct/2014:00:56:00 -0400] "GET /wp-content/plugins/crayon-syntax-highlighter/util/tag-editor/crayon_tinymce.js HTTP/1.1" 200 2117 "http://hadooptutorial.info/mapreduce-interview-questions-part-1/" "Mozilla/5.0 (Macintosh; Intel Mac OS X 10_8_5) AppleWebKit/537.36 (KHTML, like Gecko) Chrome/38.0.2125.101 Safari/537.36"
162.197.212.56 - - [17/Oct/2014:00:56:00 -0400] "GET /wp-content/plugins/tinymce-advanced/mce/anchor/plugin.min.js HTTP/1.1" 200 338 "http://hadooptutorial.info/mapreduce-interview-questions-part-1/" "Mozilla/5.0 (Macintosh; Intel Mac OS X 10_8_5) AppleWebKit/537.36 (KHTML, like Gecko) Chrome/38.0.2125.101 Safari/537.36"
162.197.212.56 - - [17/Oct/2014:00:56:00 -0400] "GET /wp-content/plugins/tinymce-advanced/mce/code/plugin.min.js HTTP/1.1" 200 435 "http://hadooptutorial.info/mapreduce-interview-questions-part-1/" "Mozilla/5.0 (Macintosh; Intel Mac OS X 10_8_5) AppleWebKit/537.36 (KHTML, like Gecko) Chrome/38.0.2125.101 Safari/537.36"
162.197.212.56 - - [17/Oct/2014:00:56:00 -0400] "GET /wp-content/plugins/tinymce-advanced/mce/insertdatetime/plugin.min.js HTTP/1.1" 200 860 "http://hadooptutorial.info/mapreduce-interview-questions-part-1/" "Mozilla/5.0 (Macintosh; Intel Mac OS X 10_8_5) AppleWebKit/537.36 (KHTML, like Gecko) Chrome/38.0.2125.101 Safari/537.36"
162.197.212.56 - - [17/Oct/2014:00:56:00 -0400] "GET /wp-content/plugins/tinymce-advanced/mce/nonbreaking/plugin.min.js HTTP/1.1" 200 371 "http://hadooptutorial.info/mapreduce-interview-questions-part-1/" "Mozilla/5.0 (Macintosh; Intel Mac OS X 10_8_5) AppleWebKit/537.36 (KHTML, like Gecko) Chrome/38.0.2125.101 Safari/537.36"
162.197.212.56 - - [17/Oct/2014:00:56:00 -0400] "GET /wp-content/plugins/tinymce-advanced/mce/print/plugin.min.js HTTP/1.1" 200 182 "http://hadooptutorial.info/mapreduce-interview-questions-part-1/" "Mozilla/5.0 (Macintosh; Intel Mac OS X 10_8_5) AppleWebKit/537.36 (KHTML, like Gecko) Chrome/38.0.2125.101 Safari/537.36"
162.197.212.56 - - [17/Oct/2014:00:56:00 -0400] "GET /wp-content/plugins/tinymce-advanced/mce/searchreplace/plugin.min.js HTTP/1.1" 200 2569 "http://hadooptutorial.info/mapreduce-interview-questions-part-1/" "Mozilla/5.0 (Macintosh; Intel Mac OS X 10_8_5) AppleWebKit/537.36 (KHTML, like Gecko) Chrome/38.0.2125.101 Safari/537.36"
162.197.212.56 - - [17/Oct/2014:00:56:00 -0400] "GET /wp-content/plugins/tinymce-advanced/mce/table/plugin.min.js HTTP/1.1" 200 9208 "http://hadooptutorial.info/mapreduce-interview-questions-part-1/" "Mozilla/5.0 (Macintosh; Intel Mac OS X 10_8_5) AppleWebKit/537.36 (KHTML, like Gecko) Chrome/38.0.2125.101 Safari/537.36"
162.197.212.56 - - [17/Oct/2014:00:56:00 -0400] "GET /wp-content/plugins/tinymce-advanced/mce/visualblocks/plugin.min.js HTTP/1.1" 200 523 "http://hadooptutorial.info/mapreduce-interview-questions-part-1/" "Mozilla/5.0 (Macintosh; Intel Mac OS X 10_8_5) AppleWebKit/537.36 (KHTML, like Gecko) Chrome/38.0.2125.101 Safari/537.36"
162.197.212.56 - - [17/Oct/2014:00:56:00 -0400] "GET /wp-content/plugins/tinymce-advanced/mce/visualchars/plugin.min.js HTTP/1.1" 200 605 "http://hadooptutorial.info/mapreduce-interview-questions-part-1/" "Mozilla/5.0 (Macintosh; Intel Mac OS X 10_8_5) AppleWebKit/537.36 (KHTML, like Gecko) Chrome/38.0.2125.101 Safari/537.36"
162.197.212.56 - - [17/Oct/2014:00:56:00 -0400] "GET /wp-content/plugins/tinymce-advanced/mce/advlist/plugin.min.js HTTP/1.1" 200 613 "http://hadooptutorial.info/mapreduce-interview-questions-part-1/" "Mozilla/5.0 (Macintosh; Intel Mac OS X 10_8_5) AppleWebKit/537.36 (KHTML, like Gecko) Chrome/38.0.2125.101 Safari/537.36"
162.197.212.56 - - [17/Oct/2014:00:56:00 -0400] "GET /wp-content/plugins/tinymce-advanced/mce/wptadv/plugin.min.js HTTP/1.1" 200 698 "http://hadooptutorial.info/mapreduce-interview-questions-part-1/" "Mozilla/5.0 (Macintosh; Intel Mac OS X 10_8_5) AppleWebKit/537.36 (KHTML, like Gecko) Chrome/38.0.2125.101 Safari/537.36"
162.197.212.56 - - [17/Oct/2014:00:56:00 -0400] "GET /wp-includes/js/tinymce/themes/modern/theme.min.js HTTP/1.1" 200 2636 "http://hadooptutorial.info/mapreduce-interview-questions-part-1/" "Mozilla/5.0 (Macintosh; Intel Mac OS X 10_8_5) AppleWebKit/537.36 (KHTML, like Gecko) Chrome/38.0.2125.101 Safari/537.36"
162.197.212.56 - - [17/Oct/2014:00:56:00 -0400] "GET /wp-includes/js/tinymce/plugins/hr/plugin.min.js HTTP/1.1" 200 191 "http://hadooptutorial.info/mapreduce-interview-questions-part-1/" "Mozilla/5.0 (Macintosh; Intel Mac OS X 10_8_5) AppleWebKit/537.36 (KHTML, like Gecko) Chrome/38.0.2125.101 Safari/537.36"
162.197.212.56 - - [17/Oct/2014:00:56:00 -0400] "GET /wp-includes/js/tinymce/plugins/colorpicker/plugin.min.js HTTP/1.1" 200 613 "http://hadooptutorial.info/mapreduce-interview-questions-part-1/" "Mozilla/5.0 (Macintosh; Intel Mac OS X 10_8_5) AppleWebKit/537.36 (KHTML, like Gecko) Chrome/38.0.2125.101 Safari/537.36"
162.197.212.56 - - [17/Oct/2014:00:56:00 -0400] "GET /wp-includes/js/tinymce/plugins/charmap/plugin.min.js HTTP/1.1" 200 2693 "http://hadooptutorial.info/mapreduce-interview-questions-part-1/" "Mozilla/5.0 (Macintosh; Intel Mac OS X 10_8_5) AppleWebKit/537.36 (KHTML, like Gecko) Chrome/38.0.2125.101 Safari/537.36"
162.197.212.56 - - [17/Oct/2014:00:56:00 -0400] "GET /wp-includes/js/tinymce/plugins/lists/plugin.min.js HTTP/1.1" 200 2642 "http://hadooptutorial.info/mapreduce-interview-questions-part-1/" "Mozilla/5.0 (Macintosh; Intel Mac OS X 10_8_5) AppleWebKit/537.36 (KHTML, like Gecko) Chrome/38.0.2125.101 Safari/537.36"
162.197.212.56 - - [17/Oct/2014:00:56:00 -0400] "GET /wp-includes/js/tinymce/plugins/tabfocus/plugin.min.js HTTP/1.1" 200 698 "http://hadooptutorial.info/mapreduce-interview-questions-part-1/" "Mozilla/5.0 (Macintosh; Intel Mac OS X 10_8_5) AppleWebKit/537.36 (KHTML, like Gecko) Chrome/38.0.2125.101 Safari/537.36"
162.197.212.56 - - [17/Oct/2014:00:56:00 -0400] "GET /wp-includes/js/tinymce/plugins/media/plugin.min.js HTTP/1.1" 200 3632 "http://hadooptutorial.info/mapreduce-interview-questions-part-1/" "Mozilla/5.0 (Macintosh; Intel Mac OS X 10_8_5) AppleWebKit/537.36 (KHTML, like Gecko) Chrome/38.0.2125.101 Safari/537.36"
162.197.212.56 - - [17/Oct/2014:00:56:00 -0400] "GET /wp-includes/js/tinymce/plugins/paste/plugin.min.js HTTP/1.1" 200 6031 "http://hadooptutorial.info/mapreduce-interview-questions-part-1/" "Mozilla/5.0 (Macintosh; Intel Mac OS X 10_8_5) AppleWebKit/537.36 (KHTML, like Gecko) Chrome/38.0.2125.101 Safari/537.36"
162.197.212.56 - - [17/Oct/2014:00:56:01 -0400] "GET /wp-includes/js/tinymce/plugins/textcolor/plugin.min.js HTTP/1.1" 200 1636 "http://hadooptutorial.info/mapreduce-interview-questions-part-1/" "Mozilla/5.0 (Macintosh; Intel Mac OS X 10_8_5) AppleWebKit/537.36 (KHTML, like Gecko) Chrome/38.0.2125.101 Safari/537.36"
162.197.212.56 - - [17/Oct/2014:00:56:01 -0400] "GET /wp-includes/js/tinymce/plugins/fullscreen/plugin.min.js HTTP/1.1" 200 642 "http://hadooptutorial.info/mapreduce-interview-questions-part-1/" "Mozilla/5.0 (Macintosh; Intel Mac OS X 10_8_5) AppleWebKit/537.36 (KHTML, like Gecko) Chrome/38.0.2125.101 Safari/537.36"
162.197.212.56 - - [17/Oct/2014:00:56:01 -0400] "GET /wp-includes/js/tinymce/plugins/wordpress/plugin.min.js HTTP/1.1" 200 3117 "http://hadooptutorial.info/mapreduce-interview-questions-part-1/" "Mozilla/5.0 (Macintosh; Intel Mac OS X 10_8_5) AppleWebKit/537.36 (KHTML, like Gecko) Chrome/38.0.2125.101 Safari/537.36"
162.197.212.56 - - [17/Oct/2014:00:56:01 -0400] "GET /wp-includes/js/tinymce/plugins/wpautoresize/plugin.min.js HTTP/1.1" 200 911 "http://hadooptutorial.info/mapreduce-interview-questions-part-1/" "Mozilla/5.0 (Macintosh; Intel Mac OS X 10_8_5) AppleWebKit/537.36 (KHTML, like Gecko) Chrome/38.0.2125.101 Safari/537.36"
162.197.212.56 - - [17/Oct/2014:00:56:01 -0400] "GET /wp-includes/js/tinymce/plugins/wpeditimage/plugin.min.js HTTP/1.1" 200 4646 "http://hadooptutorial.info/mapreduce-interview-questions-part-1/" "Mozilla/5.0 (Macintosh; Intel Mac OS X 10_8_5) AppleWebKit/537.36 (KHTML, like Gecko) Chrome/38.0.2125.101 Safari/537.36"
162.197.212.56 - - [17/Oct/2014:00:56:01 -0400] "GET /wp-includes/js/tinymce/plugins/wpgallery/plugin.min.js HTTP/1.1" 200 754 "http://hadooptutorial.info/mapreduce-interview-questions-part-1/" "Mozilla/5.0 (Macintosh; Intel Mac OS X 10_8_5) AppleWebKit/537.36 (KHTML, like Gecko) Chrome/38.0.2125.101 Safari/537.36"
162.197.212.56 - - [17/Oct/2014:00:56:01 -0400] "GET /wp-includes/js/tinymce/plugins/wplink/plugin.min.js HTTP/1.1" 200 464 "http://hadooptutorial.info/mapreduce-interview-questions-part-1/" "Mozilla/5.0 (Macintosh; Intel Mac OS X 10_8_5) AppleWebKit/537.36 (KHTML, like Gecko) Chrome/38.0.2125.101 Safari/537.36"
162.197.212.56 - - [17/Oct/2014:00:56:01 -0400] "GET /wp-includes/js/tinymce/plugins/wpdialogs/plugin.min.js HTTP/1.1" 200 649 "http://hadooptutorial.info/mapreduce-interview-questions-part-1/" "Mozilla/5.0 (Macintosh; Intel Mac OS X 10_8_5) AppleWebKit/537.36 (KHTML, like Gecko) Chrome/38.0.2125.101 Safari/537.36"
162.197.212.56 - - [17/Oct/2014:00:56:01 -0400] "GET /wp-includes/js/tinymce/plugins/image/plugin.min.js HTTP/1.1" 200 2243 "http://hadooptutorial.info/mapreduce-interview-questions-part-1/" "Mozilla/5.0 (Macintosh; Intel Mac OS X 10_8_5) AppleWebKit/537.36 (KHTML, like Gecko) Chrome/38.0.2125.101 Safari/537.36"
162.197.212.56 - - [17/Oct/2014:00:56:01 -0400] "GET /wp-includes/js/tinymce/plugins/wpview/plugin.min.js HTTP/1.1" 200 2885 "http://hadooptutorial.info/mapreduce-interview-questions-part-1/" "Mozilla/5.0 (Macintosh; Intel Mac OS X 10_8_5) AppleWebKit/537.36 (KHTML, like Gecko) Chrome/38.0.2125.101 Safari/537.36"
162.197.212.56 - - [17/Oct/2014:00:56:01 -0400] "GET /wp-includes/js/tinymce/skins/lightgray/skin.min.css HTTP/1.1" 200 6140 "http://hadooptutorial.info/mapreduce-interview-questions-part-1/" "Mozilla/5.0 (Macintosh; Intel Mac OS X 10_8_5) AppleWebKit/537.36 (KHTML, like Gecko) Chrome/38.0.2125.101 Safari/537.36"
162.197.212.56 - - [17/Oct/2014:00:56:02 -0400] "GET /wp-includes/js/tinymce/skins/lightgray/content.min.css HTTP/1.1" 200 593 "http://hadooptutorial.info/mapreduce-interview-questions-part-1/" "Mozilla/5.0 (Macintosh; Intel Mac OS X 10_8_5) AppleWebKit/537.36 (KHTML, like Gecko) Chrome/38.0.2125.101 Safari/537.36"
162.197.212.56 - - [17/Oct/2014:00:56:02 -0400] "GET /wp-includes/js/tinymce/skins/wordpress/wp-content.css?ver=4.0 HTTP/1.1" 200 2939 "http://hadooptutorial.info/mapreduce-interview-questions-part-1/" "Mozilla/5.0 (Macintosh; Intel Mac OS X 10_8_5) AppleWebKit/537.36 (KHTML, like Gecko) Chrome/38.0.2125.101 Safari/537.36"
66.96.183.35 - - [17/Oct/2014:00:56:01 -0400] "POST /wp-cron.php?doing_wp_cron=1413521761.0634500980377197265625 HTTP/1.1" 200 - "-" "WordPress/4.0; http://hadooptutorial.info"
162.197.212.56 - - [17/Oct/2014:00:56:02 -0400] "GET /wp-content/plugins/crayon-syntax-highlighter/util/tag-editor/crayon_te.css HTTP/1.1" 200 283 "http://hadooptutorial.info/mapreduce-interview-questions-part-1/" "Mozilla/5.0 (Macintosh; Intel Mac OS X 10_8_5) AppleWebKit/537.36 (KHTML, like Gecko) Chrome/38.0.2125.101 Safari/537.36"
162.197.212.56 - - [17/Oct/2014:00:56:02 -0400] "GET /wp-includes/js/tinymce/skins/lightgray/fonts/tinymce.woff HTTP/1.1" 200 4389 "http://hadooptutorial.info/wp-includes/js/tinymce/skins/lightgray/skin.min.css" "Mozilla/5.0 (Macintosh; Intel Mac OS X 10_8_5) AppleWebKit/537.36 (KHTML, like Gecko) Chrome/38.0.2125.101 Safari/537.36"
